// Jest Snapshot v1, https://goo.gl/fbAQLP

exports[`<App /> should render itself 1`] = `
ShallowWrapper {
  Symbol(enzyme.__root__): [Circular],
  Symbol(enzyme.__unrendered__): <App />,
  Symbol(enzyme.__renderer__): Object {
    "batchedUpdates": [Function],
    "getNode": [Function],
    "render": [Function],
    "simulateError": [Function],
    "simulateEvent": [Function],
    "unmount": [Function],
  },
  Symbol(enzyme.__node__): Object {
    "instance": null,
    "key": undefined,
    "nodeType": "function",
    "props": Object {
      "children": Array [
        <HelmetWrapper
          defaultTitle="A BLUE LEMON PRODUCTIONS"
          defer={true}
          encodeSpecialCharacters={true}
          titleTemplate="%s | A BLUE LEMON"
        >
          <link
            href="https://abluelemon.com"
            rel="canonical"
          />
          <meta
            content="A Blue Lemon productions, Musical productions"
            name="description"
          />
        </HelmetWrapper>,
        <Header />,
        <Routes />,
      ],
    },
    "ref": null,
    "rendered": Array [
      Object {
        "instance": null,
        "key": undefined,
        "nodeType": "class",
        "props": Object {
          "children": Array [
            <link
              href="https://abluelemon.com"
              rel="canonical"
            />,
            <meta
              content="A Blue Lemon productions, Musical productions"
              name="description"
            />,
          ],
          "defaultTitle": "A BLUE LEMON PRODUCTIONS",
          "defer": true,
          "encodeSpecialCharacters": true,
          "titleTemplate": "%s | A BLUE LEMON",
        },
        "ref": null,
        "rendered": Array [
          Object {
            "instance": null,
            "key": undefined,
            "nodeType": "host",
            "props": Object {
              "href": "https://abluelemon.com",
              "rel": "canonical",
            },
            "ref": null,
            "rendered": null,
            "type": "link",
          },
          Object {
            "instance": null,
            "key": undefined,
            "nodeType": "host",
            "props": Object {
              "content": "A Blue Lemon productions, Musical productions",
              "name": "description",
            },
            "ref": null,
            "rendered": null,
            "type": "meta",
          },
        ],
        "type": [Function],
      },
      Object {
        "instance": null,
        "key": undefined,
        "nodeType": "function",
        "props": Object {},
        "ref": null,
        "rendered": null,
        "type": [Function],
      },
      Object {
        "instance": null,
        "key": undefined,
        "nodeType": "function",
        "props": Object {},
        "ref": null,
        "rendered": null,
        "type": [Function],
      },
    ],
    "type": Symbol(react.fragment),
  },
  Symbol(enzyme.__nodes__): Array [
    Object {
      "instance": null,
      "key": undefined,
      "nodeType": "function",
      "props": Object {
        "children": Array [
          <HelmetWrapper
            defaultTitle="A BLUE LEMON PRODUCTIONS"
            defer={true}
            encodeSpecialCharacters={true}
            titleTemplate="%s | A BLUE LEMON"
          >
            <link
              href="https://abluelemon.com"
              rel="canonical"
            />
            <meta
              content="A Blue Lemon productions, Musical productions"
              name="description"
            />
          </HelmetWrapper>,
          <Header />,
          <Routes />,
        ],
      },
      "ref": null,
      "rendered": Array [
        Object {
          "instance": null,
          "key": undefined,
          "nodeType": "class",
          "props": Object {
            "children": Array [
              <link
                href="https://abluelemon.com"
                rel="canonical"
              />,
              <meta
                content="A Blue Lemon productions, Musical productions"
                name="description"
              />,
            ],
            "defaultTitle": "A BLUE LEMON PRODUCTIONS",
            "defer": true,
            "encodeSpecialCharacters": true,
            "titleTemplate": "%s | A BLUE LEMON",
          },
          "ref": null,
          "rendered": Array [
            Object {
              "instance": null,
              "key": undefined,
              "nodeType": "host",
              "props": Object {
                "href": "https://abluelemon.com",
                "rel": "canonical",
              },
              "ref": null,
              "rendered": null,
              "type": "link",
            },
            Object {
              "instance": null,
              "key": undefined,
              "nodeType": "host",
              "props": Object {
                "content": "A Blue Lemon productions, Musical productions",
                "name": "description",
              },
              "ref": null,
              "rendered": null,
              "type": "meta",
            },
          ],
          "type": [Function],
        },
        Object {
          "instance": null,
          "key": undefined,
          "nodeType": "function",
          "props": Object {},
          "ref": null,
          "rendered": null,
          "type": [Function],
        },
        Object {
          "instance": null,
          "key": undefined,
          "nodeType": "function",
          "props": Object {},
          "ref": null,
          "rendered": null,
          "type": [Function],
        },
      ],
      "type": Symbol(react.fragment),
    },
  ],
  Symbol(enzyme.__options__): Object {
    "adapter": ReactSixteenAdapter {
      "options": Object {
        "enableComponentDidUpdateOnSetState": true,
        "lifecycles": Object {
          "componentDidUpdate": Object {
            "onSetState": true,
          },
          "getDerivedStateFromProps": true,
          "getSnapshotBeforeUpdate": true,
          "setState": Object {
            "skipsComponentDidUpdateOnNullish": true,
          },
        },
      },
    },
  },
}
`;
